// Vitest Snapshot v1, https://vitest.dev/guide/snapshot.html

exports[`the engine digest > is stable against the seed alone 1`] = `
"P01  recommended=none
  MICRO  INDETERMINATE   fail=0 unknown=1 rem=1 figures=n/a
  TERM   NOT_ELIGIBLE    fail=2 unknown=1 rem=3 figures=n/a
  EDU    NOT_ELIGIBLE    fail=1 unknown=2 rem=3 figures=n/a
  AMY    NOT_ELIGIBLE    fail=1 unknown=1 rem=2 figures=n/a
  UNY    NOT_ELIGIBLE    fail=1 unknown=1 rem=2 figures=n/a
P02  recommended=none
  MICRO  INDETERMINATE   fail=0 unknown=1 rem=1 figures=n/a
  TERM   NOT_ELIGIBLE    fail=2 unknown=1 rem=3 figures=n/a
  EDU    NOT_ELIGIBLE    fail=1 unknown=2 rem=3 figures=n/a
  AMY    NOT_ELIGIBLE    fail=1 unknown=1 rem=2 figures=n/a
  UNY    NOT_ELIGIBLE    fail=1 unknown=1 rem=2 figures=n/a
P03  recommended=none
  MICRO  NOT_ELIGIBLE    fail=1 unknown=1 rem=2 figures=n/a
  TERM   NOT_ELIGIBLE    fail=3 unknown=1 rem=4 figures=n/a
  EDU    NOT_ELIGIBLE    fail=2 unknown=2 rem=4 figures=n/a
  AMY    NOT_ELIGIBLE    fail=2 unknown=1 rem=3 figures=n/a
  UNY    NOT_ELIGIBLE    fail=2 unknown=1 rem=3 figures=n/a
P04  recommended=none
  MICRO  INDETERMINATE   fail=0 unknown=1 rem=1 figures=n/a
  TERM   NOT_ELIGIBLE    fail=2 unknown=1 rem=3 figures=n/a
  EDU    NOT_ELIGIBLE    fail=1 unknown=2 rem=3 figures=n/a
  AMY    NOT_ELIGIBLE    fail=1 unknown=1 rem=2 figures=n/a
  UNY    NOT_ELIGIBLE    fail=1 unknown=1 rem=2 figures=n/a
P05  recommended=none
  MICRO  NOT_ELIGIBLE    fail=2 unknown=1 rem=3 figures=n/a
  TERM   INDETERMINATE   fail=0 unknown=1 rem=1 figures=n/a
  EDU    NOT_ELIGIBLE    fail=1 unknown=2 rem=3 figures=n/a
  AMY    NOT_ELIGIBLE    fail=2 unknown=1 rem=3 figures=n/a
  UNY    NOT_ELIGIBLE    fail=1 unknown=1 rem=2 figures=n/a
P06  recommended=none
  MICRO  NOT_ELIGIBLE    fail=1 unknown=1 rem=2 figures=n/a
  TERM   NOT_ELIGIBLE    fail=1 unknown=1 rem=2 figures=n/a
  EDU    NOT_ELIGIBLE    fail=1 unknown=2 rem=3 figures=n/a
  AMY    NOT_ELIGIBLE    fail=1 unknown=1 rem=2 figures=n/a
  UNY    NOT_ELIGIBLE    fail=1 unknown=1 rem=2 figures=n/a
P07  recommended=none
  MICRO  NOT_ELIGIBLE    fail=1 unknown=1 rem=2 figures=n/a
  TERM   NOT_ELIGIBLE    fail=3 unknown=1 rem=4 figures=n/a
  EDU    NOT_ELIGIBLE    fail=2 unknown=2 rem=4 figures=n/a
  AMY    NOT_ELIGIBLE    fail=2 unknown=1 rem=3 figures=n/a
  UNY    NOT_ELIGIBLE    fail=2 unknown=1 rem=3 figures=n/a
P08  recommended=none
  MICRO  NOT_ELIGIBLE    fail=1 unknown=1 rem=2 figures=n/a
  TERM   NOT_ELIGIBLE    fail=3 unknown=1 rem=4 figures=n/a
  EDU    NOT_ELIGIBLE    fail=2 unknown=2 rem=4 figures=n/a
  AMY    NOT_ELIGIBLE    fail=2 unknown=1 rem=3 figures=n/a
  UNY    NOT_ELIGIBLE    fail=2 unknown=1 rem=3 figures=n/a
P09  recommended=none
  MICRO  NOT_ELIGIBLE    fail=2 unknown=1 rem=3 figures=n/a
  TERM   NOT_ELIGIBLE    fail=4 unknown=1 rem=5 figures=n/a
  EDU    NOT_ELIGIBLE    fail=3 unknown=2 rem=5 figures=n/a
  AMY    NOT_ELIGIBLE    fail=3 unknown=1 rem=4 figures=n/a
  UNY    NOT_ELIGIBLE    fail=3 unknown=1 rem=4 figures=n/a
P10  recommended=none
  MICRO  NOT_ELIGIBLE    fail=2 unknown=1 rem=3 figures=n/a
  TERM   NOT_ELIGIBLE    fail=4 unknown=1 rem=5 figures=n/a
  EDU    NOT_ELIGIBLE    fail=3 unknown=2 rem=5 figures=n/a
  AMY    NOT_ELIGIBLE    fail=3 unknown=1 rem=4 figures=n/a
  UNY    NOT_ELIGIBLE    fail=3 unknown=1 rem=4 figures=n/a
P11  recommended=none
  MICRO  INDETERMINATE   fail=0 unknown=2 rem=2 figures=n/a
  TERM   NOT_ELIGIBLE    fail=2 unknown=2 rem=4 figures=n/a
  EDU    NOT_ELIGIBLE    fail=1 unknown=3 rem=4 figures=n/a
  AMY    NOT_ELIGIBLE    fail=1 unknown=2 rem=3 figures=n/a
  UNY    NOT_ELIGIBLE    fail=1 unknown=2 rem=3 figures=n/a
P12  recommended=none
  MICRO  INDETERMINATE   fail=0 unknown=1 rem=1 figures=n/a
  TERM   NOT_ELIGIBLE    fail=2 unknown=1 rem=3 figures=n/a
  EDU    NOT_ELIGIBLE    fail=1 unknown=2 rem=3 figures=n/a
  AMY    NOT_ELIGIBLE    fail=1 unknown=1 rem=2 figures=n/a
  UNY    NOT_ELIGIBLE    fail=1 unknown=1 rem=2 figures=n/a
P13  recommended=none
  MICRO  INDETERMINATE   fail=0 unknown=1 rem=1 figures=n/a
  TERM   NOT_ELIGIBLE    fail=2 unknown=1 rem=3 figures=n/a
  EDU    NOT_ELIGIBLE    fail=1 unknown=2 rem=3 figures=n/a
  AMY    NOT_ELIGIBLE    fail=1 unknown=1 rem=2 figures=n/a
  UNY    NOT_ELIGIBLE    fail=1 unknown=1 rem=2 figures=n/a
P14  recommended=none
  MICRO  INDETERMINATE   fail=0 unknown=1 rem=1 figures=n/a
  TERM   NOT_ELIGIBLE    fail=2 unknown=1 rem=3 figures=n/a
  EDU    NOT_ELIGIBLE    fail=1 unknown=2 rem=3 figures=n/a
  AMY    NOT_ELIGIBLE    fail=1 unknown=1 rem=2 figures=n/a
  UNY    NOT_ELIGIBLE    fail=1 unknown=1 rem=2 figures=n/a
P15  recommended=none
  MICRO  NOT_ELIGIBLE    fail=2 unknown=1 rem=3 figures=n/a
  TERM   NOT_ELIGIBLE    fail=1 unknown=1 rem=2 figures=n/a
  EDU    NOT_ELIGIBLE    fail=1 unknown=2 rem=3 figures=n/a
  AMY    NOT_ELIGIBLE    fail=2 unknown=1 rem=3 figures=n/a
  UNY    NOT_ELIGIBLE    fail=1 unknown=1 rem=2 figures=n/a
P16  recommended=none
  MICRO  INDETERMINATE   fail=0 unknown=2 rem=2 figures=n/a
  TERM   NOT_ELIGIBLE    fail=1 unknown=2 rem=3 figures=n/a
  EDU    INDETERMINATE   fail=0 unknown=3 rem=3 figures=n/a
  AMY    INDETERMINATE   fail=0 unknown=2 rem=2 figures=n/a
  UNY    INDETERMINATE   fail=0 unknown=2 rem=2 figures=n/a
P17  recommended=none
  MICRO  INDETERMINATE   fail=0 unknown=2 rem=2 figures=n/a
  TERM   NOT_ELIGIBLE    fail=1 unknown=3 rem=4 figures=n/a
  EDU    NOT_ELIGIBLE    fail=1 unknown=2 rem=3 figures=n/a
  AMY    NOT_ELIGIBLE    fail=1 unknown=2 rem=3 figures=n/a
  UNY    NOT_ELIGIBLE    fail=1 unknown=2 rem=3 figures=n/a
P18  recommended=none
  MICRO  INDETERMINATE   fail=0 unknown=2 rem=2 figures=n/a
  TERM   NOT_ELIGIBLE    fail=2 unknown=2 rem=4 figures=n/a
  EDU    NOT_ELIGIBLE    fail=1 unknown=3 rem=4 figures=n/a
  AMY    NOT_ELIGIBLE    fail=1 unknown=2 rem=3 figures=n/a
  UNY    NOT_ELIGIBLE    fail=1 unknown=2 rem=3 figures=n/a
P19  recommended=none
  MICRO  INDETERMINATE   fail=0 unknown=1 rem=1 figures=n/a
  TERM   NOT_ELIGIBLE    fail=2 unknown=1 rem=3 figures=n/a
  EDU    NOT_ELIGIBLE    fail=1 unknown=2 rem=3 figures=n/a
  AMY    NOT_ELIGIBLE    fail=1 unknown=1 rem=2 figures=n/a
  UNY    NOT_ELIGIBLE    fail=1 unknown=1 rem=2 figures=n/a
P20  recommended=none
  MICRO  INDETERMINATE   fail=0 unknown=1 rem=1 figures=n/a
  TERM   NOT_ELIGIBLE    fail=2 unknown=1 rem=3 figures=n/a
  EDU    NOT_ELIGIBLE    fail=1 unknown=2 rem=3 figures=n/a
  AMY    NOT_ELIGIBLE    fail=1 unknown=1 rem=2 figures=n/a
  UNY    NOT_ELIGIBLE    fail=1 unknown=1 rem=2 figures=n/a
P21  recommended=none
  MICRO  INDETERMINATE   fail=0 unknown=1 rem=1 figures=n/a
  TERM   NOT_ELIGIBLE    fail=2 unknown=1 rem=3 figures=n/a
  EDU    NOT_ELIGIBLE    fail=1 unknown=2 rem=3 figures=n/a
  AMY    NOT_ELIGIBLE    fail=1 unknown=1 rem=2 figures=n/a
  UNY    NOT_ELIGIBLE    fail=1 unknown=1 rem=2 figures=n/a
P22  recommended=none
  MICRO  INDETERMINATE   fail=0 unknown=1 rem=1 figures=n/a
  TERM   NOT_ELIGIBLE    fail=2 unknown=1 rem=3 figures=n/a
  EDU    NOT_ELIGIBLE    fail=1 unknown=2 rem=3 figures=n/a
  AMY    NOT_ELIGIBLE    fail=1 unknown=1 rem=2 figures=n/a
  UNY    NOT_ELIGIBLE    fail=1 unknown=1 rem=2 figures=n/a
P23  recommended=none
  MICRO  INDETERMINATE   fail=0 unknown=1 rem=1 figures=n/a
  TERM   NOT_ELIGIBLE    fail=2 unknown=1 rem=3 figures=n/a
  EDU    NOT_ELIGIBLE    fail=1 unknown=2 rem=3 figures=n/a
  AMY    NOT_ELIGIBLE    fail=1 unknown=1 rem=2 figures=n/a
  UNY    NOT_ELIGIBLE    fail=1 unknown=1 rem=2 figures=n/a
P24  recommended=none
  MICRO  INDETERMINATE   fail=0 unknown=1 rem=1 figures=n/a
  TERM   NOT_ELIGIBLE    fail=2 unknown=1 rem=3 figures=n/a
  EDU    NOT_ELIGIBLE    fail=1 unknown=2 rem=3 figures=n/a
  AMY    NOT_ELIGIBLE    fail=1 unknown=1 rem=2 figures=n/a
  UNY    NOT_ELIGIBLE    fail=1 unknown=1 rem=2 figures=n/a
P25  recommended=none
  MICRO  INDETERMINATE   fail=0 unknown=1 rem=1 figures=n/a
  TERM   NOT_ELIGIBLE    fail=2 unknown=1 rem=3 figures=n/a
  EDU    NOT_ELIGIBLE    fail=1 unknown=2 rem=3 figures=n/a
  AMY    NOT_ELIGIBLE    fail=1 unknown=1 rem=2 figures=n/a
  UNY    NOT_ELIGIBLE    fail=1 unknown=1 rem=2 figures=n/a
P26  recommended=none
  MICRO  INDETERMINATE   fail=0 unknown=1 rem=1 figures=n/a
  TERM   NOT_ELIGIBLE    fail=2 unknown=1 rem=3 figures=n/a
  EDU    NOT_ELIGIBLE    fail=1 unknown=2 rem=3 figures=n/a
  AMY    NOT_ELIGIBLE    fail=1 unknown=1 rem=2 figures=n/a
  UNY    NOT_ELIGIBLE    fail=1 unknown=1 rem=2 figures=n/a
P27  recommended=none
  MICRO  INDETERMINATE   fail=0 unknown=1 rem=1 figures=n/a
  TERM   NOT_ELIGIBLE    fail=2 unknown=1 rem=3 figures=n/a
  EDU    NOT_ELIGIBLE    fail=1 unknown=2 rem=3 figures=n/a
  AMY    NOT_ELIGIBLE    fail=1 unknown=1 rem=2 figures=n/a
  UNY    NOT_ELIGIBLE    fail=1 unknown=1 rem=2 figures=n/a
P28  recommended=none
  MICRO  NOT_ELIGIBLE    fail=2 unknown=1 rem=3 figures=n/a
  TERM   INDETERMINATE   fail=0 unknown=1 rem=1 figures=n/a
  EDU    NOT_ELIGIBLE    fail=1 unknown=2 rem=3 figures=n/a
  AMY    NOT_ELIGIBLE    fail=2 unknown=1 rem=3 figures=n/a
  UNY    NOT_ELIGIBLE    fail=1 unknown=1 rem=2 figures=n/a
P29  recommended=none
  MICRO  NOT_ELIGIBLE    fail=2 unknown=1 rem=3 figures=n/a
  TERM   INDETERMINATE   fail=0 unknown=1 rem=1 figures=n/a
  EDU    NOT_ELIGIBLE    fail=1 unknown=2 rem=3 figures=n/a
  AMY    NOT_ELIGIBLE    fail=2 unknown=1 rem=3 figures=n/a
  UNY    NOT_ELIGIBLE    fail=2 unknown=1 rem=3 figures=n/a
P30  recommended=none
  MICRO  NOT_ELIGIBLE    fail=2 unknown=1 rem=3 figures=n/a
  TERM   INDETERMINATE   fail=0 unknown=1 rem=1 figures=n/a
  EDU    NOT_ELIGIBLE    fail=1 unknown=2 rem=3 figures=n/a
  AMY    NOT_ELIGIBLE    fail=2 unknown=1 rem=3 figures=n/a
  UNY    NOT_ELIGIBLE    fail=2 unknown=1 rem=3 figures=n/a
P31  recommended=none
  MICRO  NOT_ELIGIBLE    fail=2 unknown=1 rem=3 figures=n/a
  TERM   INDETERMINATE   fail=0 unknown=1 rem=1 figures=n/a
  EDU    NOT_ELIGIBLE    fail=1 unknown=2 rem=3 figures=n/a
  AMY    NOT_ELIGIBLE    fail=2 unknown=1 rem=3 figures=n/a
  UNY    NOT_ELIGIBLE    fail=2 unknown=1 rem=3 figures=n/a
P32  recommended=none
  MICRO  NOT_ELIGIBLE    fail=2 unknown=1 rem=3 figures=n/a
  TERM   INDETERMINATE   fail=0 unknown=1 rem=1 figures=n/a
  EDU    NOT_ELIGIBLE    fail=1 unknown=2 rem=3 figures=n/a
  AMY    NOT_ELIGIBLE    fail=2 unknown=1 rem=3 figures=n/a
  UNY    NOT_ELIGIBLE    fail=1 unknown=1 rem=2 figures=n/a
P33  recommended=none
  MICRO  NOT_ELIGIBLE    fail=2 unknown=1 rem=3 figures=n/a
  TERM   INDETERMINATE   fail=0 unknown=1 rem=1 figures=n/a
  EDU    NOT_ELIGIBLE    fail=1 unknown=2 rem=3 figures=n/a
  AMY    NOT_ELIGIBLE    fail=2 unknown=1 rem=3 figures=n/a
  UNY    NOT_ELIGIBLE    fail=1 unknown=1 rem=2 figures=n/a
P34  recommended=none
  MICRO  NOT_ELIGIBLE    fail=2 unknown=1 rem=3 figures=n/a
  TERM   INDETERMINATE   fail=0 unknown=1 rem=1 figures=n/a
  EDU    NOT_ELIGIBLE    fail=1 unknown=2 rem=3 figures=n/a
  AMY    NOT_ELIGIBLE    fail=2 unknown=1 rem=3 figures=n/a
  UNY    NOT_ELIGIBLE    fail=2 unknown=1 rem=3 figures=n/a
P35  recommended=none
  MICRO  NOT_ELIGIBLE    fail=2 unknown=1 rem=3 figures=n/a
  TERM   NOT_ELIGIBLE    fail=1 unknown=1 rem=2 figures=n/a
  EDU    NOT_ELIGIBLE    fail=1 unknown=2 rem=3 figures=n/a
  AMY    NOT_ELIGIBLE    fail=2 unknown=1 rem=3 figures=n/a
  UNY    NOT_ELIGIBLE    fail=2 unknown=1 rem=3 figures=n/a
P36  recommended=none
  MICRO  NOT_ELIGIBLE    fail=2 unknown=1 rem=3 figures=n/a
  TERM   NOT_ELIGIBLE    fail=1 unknown=1 rem=2 figures=n/a
  EDU    INDETERMINATE   fail=0 unknown=1 rem=1 figures=n/a
  AMY    NOT_ELIGIBLE    fail=2 unknown=1 rem=3 figures=n/a
  UNY    NOT_ELIGIBLE    fail=2 unknown=1 rem=3 figures=n/a
P37  recommended=none
  MICRO  NOT_ELIGIBLE    fail=2 unknown=1 rem=3 figures=n/a
  TERM   NOT_ELIGIBLE    fail=1 unknown=1 rem=2 figures=n/a
  EDU    INDETERMINATE   fail=0 unknown=1 rem=1 figures=n/a
  AMY    NOT_ELIGIBLE    fail=2 unknown=1 rem=3 figures=n/a
  UNY    NOT_ELIGIBLE    fail=2 unknown=1 rem=3 figures=n/a
P38  recommended=none
  MICRO  NOT_ELIGIBLE    fail=2 unknown=1 rem=3 figures=n/a
  TERM   NOT_ELIGIBLE    fail=1 unknown=1 rem=2 figures=n/a
  EDU    NOT_ELIGIBLE    fail=1 unknown=1 rem=2 figures=n/a
  AMY    NOT_ELIGIBLE    fail=2 unknown=1 rem=3 figures=n/a
  UNY    NOT_ELIGIBLE    fail=2 unknown=1 rem=3 figures=n/a
P39  recommended=none
  MICRO  NOT_ELIGIBLE    fail=2 unknown=1 rem=3 figures=n/a
  TERM   NOT_ELIGIBLE    fail=1 unknown=1 rem=2 figures=n/a
  EDU    INDETERMINATE   fail=0 unknown=2 rem=2 figures=n/a
  AMY    NOT_ELIGIBLE    fail=2 unknown=1 rem=3 figures=n/a
  UNY    NOT_ELIGIBLE    fail=1 unknown=1 rem=2 figures=n/a
P40  recommended=none
  MICRO  NOT_ELIGIBLE    fail=2 unknown=1 rem=3 figures=n/a
  TERM   NOT_ELIGIBLE    fail=1 unknown=1 rem=2 figures=n/a
  EDU    INDETERMINATE   fail=0 unknown=1 rem=1 figures=n/a
  AMY    NOT_ELIGIBLE    fail=2 unknown=1 rem=3 figures=n/a
  UNY    NOT_ELIGIBLE    fail=1 unknown=1 rem=2 figures=n/a"
`;

exports[`the engine digest > is stable with the demo overlay applied 1`] = `
"P01  recommended=MICRO
  MICRO  ELIGIBLE        fail=0 unknown=0 rem=0 loan=90000 own=10000 subsidy=0 rate=6.5 emi=3034 outflow=100137 rows=36 bind=GROSS partners=4/15 nearest=SCA_MH_PUNE_001 healthiest=MFI_MH_PUNE_005 docs=0/6 ready=true
  TERM   NOT_ELIGIBLE    fail=2 unknown=0 rem=2 figures=n/a
  EDU    NOT_ELIGIBLE    fail=1 unknown=1 rem=2 figures=n/a
  AMY    NOT_ELIGIBLE    fail=1 unknown=0 rem=1 figures=n/a
  UNY    NOT_ELIGIBLE    fail=1 unknown=0 rem=1 figures=n/a
P02  recommended=MICRO
  MICRO  ELIGIBLE        fail=0 unknown=0 rem=0 loan=81000 own=9000 subsidy=0 rate=6.5 emi=2731 outflow=90124 rows=36 bind=GROSS partners=4/15 nearest=SCA_MH_NAGPUR_002 healthiest=MFI_MH_PUNE_005 docs=0/6 ready=true
  TERM   NOT_ELIGIBLE    fail=2 unknown=0 rem=2 figures=n/a
  EDU    NOT_ELIGIBLE    fail=1 unknown=1 rem=2 figures=n/a
  AMY    NOT_ELIGIBLE    fail=1 unknown=0 rem=1 figures=n/a
  UNY    NOT_ELIGIBLE    fail=1 unknown=0 rem=1 figures=n/a
P03  recommended=none
  MICRO  NOT_ELIGIBLE    fail=1 unknown=0 rem=1 figures=n/a
  TERM   NOT_ELIGIBLE    fail=3 unknown=0 rem=3 figures=n/a
  EDU    NOT_ELIGIBLE    fail=2 unknown=1 rem=3 figures=n/a
  AMY    NOT_ELIGIBLE    fail=2 unknown=0 rem=2 figures=n/a
  UNY    NOT_ELIGIBLE    fail=2 unknown=0 rem=2 figures=n/a
P04  recommended=MICRO
  MICRO  ELIGIBLE        fail=0 unknown=0 rem=0 loan=125000 own=14000 subsidy=0 rate=6.5 emi=4214 outflow=139077 rows=36 bind=MAX_LOAN partners=4/15 nearest=MFI_MH_MUMBAI_006 healthiest=MFI_MH_PUNE_005 docs=0/6 ready=true
  TERM   NOT_ELIGIBLE    fail=2 unknown=0 rem=2 figures=n/a
  EDU    NOT_ELIGIBLE    fail=1 unknown=1 rem=2 figures=n/a
  AMY    NOT_ELIGIBLE    fail=1 unknown=0 rem=1 figures=n/a
  UNY    NOT_ELIGIBLE    fail=1 unknown=0 rem=1 figures=n/a
P05  recommended=TERM
  MICRO  NOT_ELIGIBLE    fail=2 unknown=0 rem=2 figures=n/a
  TERM   ELIGIBLE        fail=0 unknown=0 rem=0 loan=126001 own=14000 subsidy=0 rate=8 emi=2161 outflow=168600 rows=84 bind=GROSS partners=3/15 nearest=RRB_MH_SOLAPUR_004 healthiest=SCA_MH_PUNE_001 docs=0/9 ready=true
  EDU    NOT_ELIGIBLE    fail=1 unknown=1 rem=2 figures=n/a
  AMY    NOT_ELIGIBLE    fail=2 unknown=0 rem=2 figures=n/a
  UNY    NOT_ELIGIBLE    fail=1 unknown=0 rem=1 figures=n/a
P06  recommended=none
  MICRO  NOT_ELIGIBLE    fail=1 unknown=0 rem=1 figures=n/a
  TERM   NOT_ELIGIBLE    fail=1 unknown=0 rem=1 figures=n/a
  EDU    NOT_ELIGIBLE    fail=1 unknown=1 rem=2 figures=n/a
  AMY    NOT_ELIGIBLE    fail=1 unknown=0 rem=1 figures=n/a
  UNY    NOT_ELIGIBLE    fail=1 unknown=0 rem=1 figures=n/a
P07  recommended=none
  MICRO  NOT_ELIGIBLE    fail=1 unknown=0 rem=1 figures=n/a
  TERM   NOT_ELIGIBLE    fail=3 unknown=0 rem=3 figures=n/a
  EDU    NOT_ELIGIBLE    fail=2 unknown=1 rem=3 figures=n/a
  AMY    NOT_ELIGIBLE    fail=2 unknown=0 rem=2 figures=n/a
  UNY    NOT_ELIGIBLE    fail=2 unknown=0 rem=2 figures=n/a
P08  recommended=none
  MICRO  NOT_ELIGIBLE    fail=1 unknown=0 rem=1 figures=n/a
  TERM   NOT_ELIGIBLE    fail=3 unknown=0 rem=3 figures=n/a
  EDU    NOT_ELIGIBLE    fail=2 unknown=1 rem=3 figures=n/a
  AMY    NOT_ELIGIBLE    fail=2 unknown=0 rem=2 figures=n/a
  UNY    NOT_ELIGIBLE    fail=2 unknown=0 rem=2 figures=n/a
P09  recommended=none
  MICRO  NOT_ELIGIBLE    fail=2 unknown=0 rem=2 figures=n/a
  TERM   NOT_ELIGIBLE    fail=4 unknown=0 rem=4 figures=n/a
  EDU    NOT_ELIGIBLE    fail=3 unknown=1 rem=4 figures=n/a
  AMY    NOT_ELIGIBLE    fail=3 unknown=0 rem=3 figures=n/a
  UNY    NOT_ELIGIBLE    fail=3 unknown=0 rem=3 figures=n/a
P10  recommended=none
  MICRO  NOT_ELIGIBLE    fail=2 unknown=0 rem=2 figures=n/a
  TERM   NOT_ELIGIBLE    fail=4 unknown=0 rem=4 figures=n/a
  EDU    NOT_ELIGIBLE    fail=3 unknown=1 rem=4 figures=n/a
  AMY    NOT_ELIGIBLE    fail=3 unknown=0 rem=3 figures=n/a
  UNY    NOT_ELIGIBLE    fail=3 unknown=0 rem=3 figures=n/a
P11  recommended=none
  MICRO  INDETERMINATE   fail=0 unknown=1 rem=1 figures=n/a
  TERM   NOT_ELIGIBLE    fail=2 unknown=1 rem=3 figures=n/a
  EDU    NOT_ELIGIBLE    fail=1 unknown=2 rem=3 figures=n/a
  AMY    NOT_ELIGIBLE    fail=1 unknown=1 rem=2 figures=n/a
  UNY    NOT_ELIGIBLE    fail=1 unknown=1 rem=2 figures=n/a
P12  recommended=none
  MICRO  NOT_ELIGIBLE    fail=1 unknown=0 rem=1 figures=n/a
  TERM   NOT_ELIGIBLE    fail=3 unknown=0 rem=3 figures=n/a
  EDU    NOT_ELIGIBLE    fail=2 unknown=1 rem=3 figures=n/a
  AMY    NOT_ELIGIBLE    fail=2 unknown=0 rem=2 figures=n/a
  UNY    NOT_ELIGIBLE    fail=2 unknown=0 rem=2 figures=n/a
P13  recommended=none
  MICRO  NOT_ELIGIBLE    fail=1 unknown=0 rem=1 figures=n/a
  TERM   NOT_ELIGIBLE    fail=3 unknown=0 rem=3 figures=n/a
  EDU    NOT_ELIGIBLE    fail=2 unknown=1 rem=3 figures=n/a
  AMY    NOT_ELIGIBLE    fail=2 unknown=0 rem=2 figures=n/a
  UNY    NOT_ELIGIBLE    fail=2 unknown=0 rem=2 figures=n/a
P14  recommended=none
  MICRO  INDETERMINATE   fail=0 unknown=1 rem=1 figures=n/a
  TERM   NOT_ELIGIBLE    fail=2 unknown=1 rem=3 figures=n/a
  EDU    NOT_ELIGIBLE    fail=1 unknown=2 rem=3 figures=n/a
  AMY    NOT_ELIGIBLE    fail=1 unknown=1 rem=2 figures=n/a
  UNY    NOT_ELIGIBLE    fail=1 unknown=1 rem=2 figures=n/a
P15  recommended=none
  MICRO  NOT_ELIGIBLE    fail=2 unknown=0 rem=2 figures=n/a
  TERM   NOT_ELIGIBLE    fail=1 unknown=0 rem=1 figures=n/a
  EDU    NOT_ELIGIBLE    fail=1 unknown=1 rem=2 figures=n/a
  AMY    NOT_ELIGIBLE    fail=2 unknown=0 rem=2 figures=n/a
  UNY    NOT_ELIGIBLE    fail=1 unknown=0 rem=1 figures=n/a
P16  recommended=none
  MICRO  INDETERMINATE   fail=0 unknown=1 rem=1 figures=n/a
  TERM   NOT_ELIGIBLE    fail=1 unknown=1 rem=2 figures=n/a
  EDU    INDETERMINATE   fail=0 unknown=2 rem=2 figures=n/a
  AMY    INDETERMINATE   fail=0 unknown=1 rem=1 figures=n/a
  UNY    INDETERMINATE   fail=0 unknown=1 rem=1 figures=n/a
P17  recommended=none
  MICRO  INDETERMINATE   fail=0 unknown=1 rem=1 figures=n/a
  TERM   NOT_ELIGIBLE    fail=1 unknown=2 rem=3 figures=n/a
  EDU    NOT_ELIGIBLE    fail=1 unknown=1 rem=2 figures=n/a
  AMY    NOT_ELIGIBLE    fail=1 unknown=1 rem=2 figures=n/a
  UNY    NOT_ELIGIBLE    fail=1 unknown=1 rem=2 figures=n/a
P18  recommended=none
  MICRO  INDETERMINATE   fail=0 unknown=1 rem=1 figures=n/a
  TERM   NOT_ELIGIBLE    fail=2 unknown=1 rem=3 figures=n/a
  EDU    NOT_ELIGIBLE    fail=1 unknown=2 rem=3 figures=n/a
  AMY    NOT_ELIGIBLE    fail=1 unknown=1 rem=2 figures=n/a
  UNY    NOT_ELIGIBLE    fail=1 unknown=1 rem=2 figures=n/a
P19  recommended=MICRO
  MICRO  ELIGIBLE        fail=0 unknown=0 rem=0 loan=7200 own=800 subsidy=0 rate=6.5 emi=243 outflow=8010 rows=36 bind=GROSS partners=0/15 nearest=none healthiest=none docs=0/6 ready=true
  TERM   NOT_ELIGIBLE    fail=2 unknown=0 rem=2 figures=n/a
  EDU    NOT_ELIGIBLE    fail=1 unknown=1 rem=2 figures=n/a
  AMY    NOT_ELIGIBLE    fail=1 unknown=0 rem=1 figures=n/a
  UNY    NOT_ELIGIBLE    fail=1 unknown=0 rem=1 figures=n/a
P20  recommended=MICRO
  MICRO  ELIGIBLE        fail=0 unknown=0 rem=0 loan=85500 own=9500 subsidy=0 rate=6.5 emi=2883 outflow=95129 rows=36 bind=GROSS partners=0/15 nearest=none healthiest=none docs=0/6 ready=true
  TERM   NOT_ELIGIBLE    fail=2 unknown=0 rem=2 figures=n/a
  EDU    NOT_ELIGIBLE    fail=1 unknown=1 rem=2 figures=n/a
  AMY    NOT_ELIGIBLE    fail=1 unknown=0 rem=1 figures=n/a
  UNY    NOT_ELIGIBLE    fail=1 unknown=0 rem=1 figures=n/a
P21  recommended=MICRO
  MICRO  ELIGIBLE        fail=0 unknown=0 rem=0 loan=108000 own=12000 subsidy=0 rate=6.5 emi=3641 outflow=120165 rows=36 bind=GROSS partners=0/15 nearest=none healthiest=none docs=0/6 ready=true
  TERM   NOT_ELIGIBLE    fail=2 unknown=0 rem=2 figures=n/a
  EDU    NOT_ELIGIBLE    fail=1 unknown=1 rem=2 figures=n/a
  AMY    NOT_ELIGIBLE    fail=1 unknown=0 rem=1 figures=n/a
  UNY    NOT_ELIGIBLE    fail=1 unknown=0 rem=1 figures=n/a
P22  recommended=MICRO
  MICRO  ELIGIBLE        fail=0 unknown=0 rem=0 loan=124200 own=13800 subsidy=0 rate=6.5 emi=4188 outflow=138185 rows=36 bind=GROSS partners=4/15 nearest=MFI_MH_MUMBAI_006 healthiest=MFI_MH_PUNE_005 docs=0/6 ready=true
  TERM   NOT_ELIGIBLE    fail=2 unknown=0 rem=2 figures=n/a
  EDU    NOT_ELIGIBLE    fail=1 unknown=1 rem=2 figures=n/a
  AMY    NOT_ELIGIBLE    fail=1 unknown=0 rem=1 figures=n/a
  UNY    NOT_ELIGIBLE    fail=1 unknown=0 rem=1 figures=n/a
P23  recommended=MICRO
  MICRO  ELIGIBLE        fail=0 unknown=0 rem=0 loan=54000 own=6000 subsidy=0 rate=6.5 emi=1821 outflow=60082 rows=36 bind=GROSS partners=2/15 nearest=MFI_KA_HUBBALLI_009 healthiest=SCA_KA_BENGALURU_007 docs=0/6 ready=true
  TERM   NOT_ELIGIBLE    fail=2 unknown=0 rem=2 figures=n/a
  EDU    NOT_ELIGIBLE    fail=1 unknown=1 rem=2 figures=n/a
  AMY    NOT_ELIGIBLE    fail=1 unknown=0 rem=1 figures=n/a
  UNY    NOT_ELIGIBLE    fail=1 unknown=0 rem=1 figures=n/a
P24  recommended=MICRO
  MICRO  ELIGIBLE        fail=0 unknown=0 rem=0 loan=40500 own=4500 subsidy=0 rate=6.5 emi=1365 outflow=45065 rows=36 bind=GROSS partners=2/15 nearest=MFI_TN_MADURAI_013 healthiest=MFI_TN_MADURAI_013 docs=0/6 ready=true
  TERM   NOT_ELIGIBLE    fail=2 unknown=0 rem=2 figures=n/a
  EDU    NOT_ELIGIBLE    fail=1 unknown=1 rem=2 figures=n/a
  AMY    NOT_ELIGIBLE    fail=1 unknown=0 rem=1 figures=n/a
  UNY    NOT_ELIGIBLE    fail=1 unknown=0 rem=1 figures=n/a
P25  recommended=MICRO
  MICRO  ELIGIBLE        fail=0 unknown=0 rem=0 loan=112500 own=12500 subsidy=0 rate=6.5 emi=3793 outflow=125166 rows=36 bind=GROSS partners=4/15 nearest=SCA_MH_NAGPUR_002 healthiest=MFI_MH_PUNE_005 docs=0/6 ready=true
  TERM   NOT_ELIGIBLE    fail=2 unknown=0 rem=2 figures=n/a
  EDU    NOT_ELIGIBLE    fail=1 unknown=1 rem=2 figures=n/a
  AMY    NOT_ELIGIBLE    fail=1 unknown=0 rem=1 figures=n/a
  UNY    NOT_ELIGIBLE    fail=1 unknown=0 rem=1 figures=n/a
P26  recommended=MICRO
  MICRO  ELIGIBLE        fail=0 unknown=0 rem=0 loan=117000 own=13000 subsidy=0 rate=6.5 emi=3945 outflow=130174 rows=36 bind=GROSS partners=4/15 nearest=MFI_MH_PUNE_005 healthiest=MFI_MH_PUNE_005 docs=0/6 ready=true
  TERM   NOT_ELIGIBLE    fail=2 unknown=0 rem=2 figures=n/a
  EDU    NOT_ELIGIBLE    fail=1 unknown=1 rem=2 figures=n/a
  AMY    NOT_ELIGIBLE    fail=1 unknown=0 rem=1 figures=n/a
  UNY    NOT_ELIGIBLE    fail=1 unknown=0 rem=1 figures=n/a
P27  recommended=MICRO
  MICRO  ELIGIBLE        fail=0 unknown=0 rem=0 loan=67500 own=7500 subsidy=0 rate=6.5 emi=2276 outflow=75101 rows=36 bind=GROSS partners=2/15 nearest=MFI_TN_MADURAI_013 healthiest=MFI_TN_MADURAI_013 docs=0/6 ready=true
  TERM   NOT_ELIGIBLE    fail=2 unknown=0 rem=2 figures=n/a
  EDU    NOT_ELIGIBLE    fail=1 unknown=1 rem=2 figures=n/a
  AMY    NOT_ELIGIBLE    fail=1 unknown=0 rem=1 figures=n/a
  UNY    NOT_ELIGIBLE    fail=1 unknown=0 rem=1 figures=n/a
P28  recommended=TERM
  MICRO  NOT_ELIGIBLE    fail=2 unknown=0 rem=2 figures=n/a
  TERM   ELIGIBLE        fail=0 unknown=0 rem=0 loan=450000 own=50000 subsidy=0 rate=8 emi=7719 outflow=602093 rows=84 bind=GROSS partners=4/15 nearest=RRB_MH_SOLAPUR_004 healthiest=PSB_MH_NASHIK_003 docs=0/9 ready=true
  EDU    NOT_ELIGIBLE    fail=1 unknown=1 rem=2 figures=n/a
  AMY    NOT_ELIGIBLE    fail=2 unknown=0 rem=2 figures=n/a
  UNY    NOT_ELIGIBLE    fail=1 unknown=0 rem=1 figures=n/a
P29  recommended=TERM
  MICRO  NOT_ELIGIBLE    fail=2 unknown=0 rem=2 figures=n/a
  TERM   ELIGIBLE        fail=0 unknown=0 rem=0 loan=540000 own=60000 subsidy=0 rate=8 emi=9263 outflow=722512 rows=84 bind=GROSS partners=4/15 nearest=PSB_MH_NASHIK_003 healthiest=PSB_MH_NASHIK_003 docs=0/9 ready=true
  EDU    NOT_ELIGIBLE    fail=1 unknown=1 rem=2 figures=n/a
  AMY    NOT_ELIGIBLE    fail=2 unknown=0 rem=2 figures=n/a
  UNY    NOT_ELIGIBLE    fail=2 unknown=0 rem=2 figures=n/a
P30  recommended=TERM
  MICRO  NOT_ELIGIBLE    fail=2 unknown=0 rem=2 figures=n/a
  TERM   ELIGIBLE        fail=0 unknown=0 rem=0 loan=2250000 own=250000 subsidy=0 rate=8 emi=38596 outflow=3010443 rows=84 bind=GROSS partners=1/15 nearest=SCA_TN_CHENNAI_012 healthiest=SCA_TN_CHENNAI_012 docs=0/9 ready=true
  EDU    NOT_ELIGIBLE    fail=1 unknown=1 rem=2 figures=n/a
  AMY    NOT_ELIGIBLE    fail=2 unknown=0 rem=2 figures=n/a
  UNY    NOT_ELIGIBLE    fail=2 unknown=0 rem=2 figures=n/a
P31  recommended=TERM
  MICRO  NOT_ELIGIBLE    fail=2 unknown=0 rem=2 figures=n/a
  TERM   ELIGIBLE        fail=0 unknown=0 rem=0 loan=4500000 own=500000 subsidy=0 rate=8 emi=77191 outflow=6020915 rows=84 bind=GROSS partners=0/15 nearest=none healthiest=none docs=0/9 ready=true
  EDU    NOT_ELIGIBLE    fail=1 unknown=1 rem=2 figures=n/a
  AMY    NOT_ELIGIBLE    fail=2 unknown=0 rem=2 figures=n/a
  UNY    NOT_ELIGIBLE    fail=2 unknown=0 rem=2 figures=n/a
P32  recommended=TERM
  MICRO  NOT_ELIGIBLE    fail=2 unknown=0 rem=2 figures=n/a
  TERM   ELIGIBLE        fail=0 unknown=0 rem=0 loan=360000 own=40000 subsidy=0 rate=8 emi=6175 outflow=481679 rows=84 bind=GROSS partners=2/15 nearest=SCA_RJ_JAIPUR_015 healthiest=PSB_MP_BHOPAL_014 docs=0/9 ready=true
  EDU    NOT_ELIGIBLE    fail=1 unknown=1 rem=2 figures=n/a
  AMY    NOT_ELIGIBLE    fail=2 unknown=0 rem=2 figures=n/a
  UNY    NOT_ELIGIBLE    fail=1 unknown=0 rem=1 figures=n/a
P33  recommended=TERM
  MICRO  NOT_ELIGIBLE    fail=2 unknown=0 rem=2 figures=n/a
  TERM   ELIGIBLE        fail=0 unknown=0 rem=0 loan=270000 own=30000 subsidy=0 rate=8 emi=4631 outflow=361264 rows=84 bind=GROSS partners=1/15 nearest=PSB_MP_BHOPAL_014 healthiest=PSB_MP_BHOPAL_014 docs=1/9 ready=false
  EDU    NOT_ELIGIBLE    fail=1 unknown=1 rem=2 figures=n/a
  AMY    NOT_ELIGIBLE    fail=2 unknown=0 rem=2 figures=n/a
  UNY    NOT_ELIGIBLE    fail=1 unknown=0 rem=1 figures=n/a
P34  recommended=TERM
  MICRO  NOT_ELIGIBLE    fail=2 unknown=0 rem=2 figures=n/a
  TERM   ELIGIBLE        fail=0 unknown=0 rem=0 loan=630000 own=70000 subsidy=0 rate=8 emi=10807 outflow=842922 rows=84 bind=GROSS partners=2/15 nearest=RRB_UP_VARANASI_011 healthiest=RRB_UP_VARANASI_011 docs=0/9 ready=true
  EDU    NOT_ELIGIBLE    fail=1 unknown=1 rem=2 figures=n/a
  AMY    NOT_ELIGIBLE    fail=2 unknown=0 rem=2 figures=n/a
  UNY    NOT_ELIGIBLE    fail=2 unknown=0 rem=2 figures=n/a
P35  recommended=none
  MICRO  NOT_ELIGIBLE    fail=2 unknown=0 rem=2 figures=n/a
  TERM   NOT_ELIGIBLE    fail=1 unknown=0 rem=1 figures=n/a
  EDU    NOT_ELIGIBLE    fail=1 unknown=1 rem=2 figures=n/a
  AMY    NOT_ELIGIBLE    fail=2 unknown=0 rem=2 figures=n/a
  UNY    NOT_ELIGIBLE    fail=2 unknown=0 rem=2 figures=n/a
P36  recommended=EDU
  MICRO  NOT_ELIGIBLE    fail=2 unknown=0 rem=2 figures=n/a
  TERM   NOT_ELIGIBLE    fail=1 unknown=0 rem=1 figures=n/a
  EDU    ELIGIBLE        fail=0 unknown=0 rem=0 loan=720000 own=0 subsidy=0 rate=6.5 emi=7214 outflow=1038786 rows=156 bind=LOAN_PCT_CAP partners=2/15 nearest=SCA_KA_BENGALURU_007 healthiest=SCA_KA_BENGALURU_007 docs=1/9 ready=false
  AMY    NOT_ELIGIBLE    fail=2 unknown=0 rem=2 figures=n/a
  UNY    NOT_ELIGIBLE    fail=2 unknown=0 rem=2 figures=n/a
P37  recommended=EDU
  MICRO  NOT_ELIGIBLE    fail=2 unknown=0 rem=2 figures=n/a
  TERM   NOT_ELIGIBLE    fail=1 unknown=0 rem=1 figures=n/a
  EDU    ELIGIBLE        fail=0 unknown=0 rem=0 loan=2700000 own=0 subsidy=0 rate=6.5 emi=27052 outflow=3895462 rows=156 bind=LOAN_PCT_CAP partners=1/15 nearest=SCA_TN_CHENNAI_012 healthiest=SCA_TN_CHENNAI_012 docs=1/9 ready=false
  AMY    NOT_ELIGIBLE    fail=2 unknown=0 rem=2 figures=n/a
  UNY    NOT_ELIGIBLE    fail=2 unknown=0 rem=2 figures=n/a
P38  recommended=none
  MICRO  NOT_ELIGIBLE    fail=2 unknown=0 rem=2 figures=n/a
  TERM   NOT_ELIGIBLE    fail=1 unknown=0 rem=1 figures=n/a
  EDU    NOT_ELIGIBLE    fail=1 unknown=0 rem=1 figures=n/a
  AMY    NOT_ELIGIBLE    fail=2 unknown=0 rem=2 figures=n/a
  UNY    NOT_ELIGIBLE    fail=2 unknown=0 rem=2 figures=n/a
P39  recommended=none
  MICRO  NOT_ELIGIBLE    fail=2 unknown=0 rem=2 figures=n/a
  TERM   NOT_ELIGIBLE    fail=1 unknown=0 rem=1 figures=n/a
  EDU    INDETERMINATE   fail=0 unknown=1 rem=1 figures=n/a
  AMY    NOT_ELIGIBLE    fail=2 unknown=0 rem=2 figures=n/a
  UNY    NOT_ELIGIBLE    fail=1 unknown=0 rem=1 figures=n/a
P40  recommended=EDU
  MICRO  NOT_ELIGIBLE    fail=2 unknown=0 rem=2 figures=n/a
  TERM   NOT_ELIGIBLE    fail=1 unknown=0 rem=1 figures=n/a
  EDU    ELIGIBLE        fail=0 unknown=0 rem=0 loan=450000 own=0 subsidy=0 rate=6.5 emi=4509 outflow=649220 rows=156 bind=LOAN_PCT_CAP partners=1/15 nearest=PSB_MP_BHOPAL_014 healthiest=PSB_MP_BHOPAL_014 docs=4/9 ready=false
  AMY    NOT_ELIGIBLE    fail=2 unknown=0 rem=2 figures=n/a
  UNY    NOT_ELIGIBLE    fail=1 unknown=0 rem=1 figures=n/a"
`;

exports[`the persona CLI > prints a stable detail view for P19 1`] = `
"
P19 — Handcart top-up, Pune — a project too small for anyone to finance
Tests: loan_below_min true; LOAN_BELOW_MIN_TICKET excludes every partner; eligible scheme with zero eligible partners
Dataset: Scheme master + DEMO OVERLAY  authoritative=false
Applicant: age 47, SC, income 84,000, Pune (Maharashtra), purpose PLACEHOLDER_petty_trade, cost 8,000

  ── MICRO ───────────────────────────────────────────────────────
  status: ELIGIBLE
    [pass] INCOME_WITHIN_CAP                Annual family income of 84000 is within the ceiling of 500000.
    [pass] CATEGORY_SC                      Recorded category is SC, which this scheme is reserved for.
    [pass] CASTE_CERT_AVAILABLE             Caste certificate is available.
    [pass] INCOME_PROOF_AVAILABLE           Income certificate is available.
    [pass] PROJECT_COST_WITHIN_UNIT_COST    Project cost of 8000 is within the ceiling of 140000.
    [pass] PURPOSE_ELIGIBLE                 The stated purpose is covered by this scheme.
    [pass] AGE_WITHIN_RANGE                 Age 47 is within the permitted range of 18-60.
    cost 8,000 → eligible 8,000 (SCHEME)
    subsidy 0 (BACK)  margin 10.0% = 800
    gross 7,200 → LOAN 7,200  limited by GROSS  (below scheme minimum 10,000)
    rate 6.5%  moratorium 3m (CAPITALISED)  repayment 33m
    EMI 243  total interest 810  total outflow 8,010
    schedule: 36 rows, closing balance 0
    partners: 0 eligible, 15 excluded
      excluded SCA_MH_PUNE_001        LOAN_BELOW_MIN_TICKET
      excluded SCA_MH_NAGPUR_002      LOAN_BELOW_MIN_TICKET
      excluded PSB_MH_NASHIK_003      DOES_NOT_HANDLE_SCHEME_TYPE, PARTNER_TYPE_NOT_ALLOWED_BY_SCHEME, LOAN_BELOW_MIN_TICKET
      excluded RRB_MH_SOLAPUR_004     DOES_NOT_HANDLE_SCHEME_TYPE, PARTNER_TYPE_NOT_ALLOWED_BY_SCHEME, LOAN_BELOW_MIN_TICKET
      excluded MFI_MH_PUNE_005        LOAN_BELOW_MIN_TICKET
      excluded MFI_MH_MUMBAI_006      LOAN_BELOW_MIN_TICKET
      excluded SCA_KA_BENGALURU_007   LOAN_BELOW_MIN_TICKET, OUTSIDE_JURISDICTION
      excluded PSB_KA_BENGALURU_008   DOES_NOT_HANDLE_SCHEME_TYPE, PARTNER_TYPE_NOT_ALLOWED_BY_SCHEME, LOAN_BELOW_MIN_TICKET, OUTSIDE_JURISDICTION
      excluded MFI_KA_HUBBALLI_009    LOAN_BELOW_MIN_TICKET, OUTSIDE_JURISDICTION
      excluded SCA_UP_LUCKNOW_010     LOAN_BELOW_MIN_TICKET, OUTSIDE_JURISDICTION
      excluded RRB_UP_VARANASI_011    DOES_NOT_HANDLE_SCHEME_TYPE, PARTNER_TYPE_NOT_ALLOWED_BY_SCHEME, LOAN_BELOW_MIN_TICKET, OUTSIDE_JURISDICTION
      excluded SCA_TN_CHENNAI_012     LOAN_BELOW_MIN_TICKET, OUTSIDE_JURISDICTION
      excluded MFI_TN_MADURAI_013     LOAN_BELOW_MIN_TICKET, OUTSIDE_JURISDICTION
      excluded PSB_MP_BHOPAL_014      DOES_NOT_HANDLE_SCHEME_TYPE, PARTNER_TYPE_NOT_ALLOWED_BY_SCHEME, LOAN_BELOW_MIN_TICKET, OUTSIDE_JURISDICTION
      excluded SCA_RJ_JAIPUR_015      DOES_NOT_HANDLE_SCHEME_TYPE, LOAN_BELOW_MIN_TICKET, OUTSIDE_JURISDICTION
    checklist: 6 mandatory, 0 still to obtain, ready=true
      ✓ AADHAAR           mandatory SCHEME       Aadhaar
      ✓ CASTE_CERT        mandatory SCHEME       Caste certificate — Must be issued by the competent authority of your own state.
      ✓ INCOME_CERT       mandatory SCHEME       Income certificate — Usually expected to be recent — confirm the accepted age with the partner.
      ✓ PHOTO             mandatory SCHEME       Passport-size photographs — Carry several; different forms ask for different numbers.
      ✓ QUOTATION         mandatory SCHEME       Quotation for equipment or stock — Itemised, on the supplier's letterhead, with GST details where applicable.
      ✓ RESIDENCE_PROOF   mandatory SCHEME       Proof of residence
      · SHOP_LICENCE      optional  SCHEME       Shop or trade licence — Only if you are renting or own business premises.

  ── TERM ────────────────────────────────────────────────────────
  status: NOT_ELIGIBLE
    [pass] INCOME_WITHIN_CAP                Annual family income of 84000 is within the ceiling of 500000.
    [pass] CATEGORY_SC                      Recorded category is SC, which this scheme is reserved for.
    [pass] CASTE_CERT_AVAILABLE             Caste certificate is available.
    [pass] INCOME_PROOF_AVAILABLE           Income certificate is available.
    [pass] PROJECT_COST_WITHIN_UNIT_COST    Project cost of 8000 is within the ceiling of 5000000.
    [FAIL] PROJECT_COST_ABOVE_MICRO_FLOOR   Project cost of 8000 is below the minimum of 140001 for this scheme. A smaller project may be financed under the micro scheme instead.
    [FAIL] PURPOSE_ELIGIBLE                 The stated purpose is not covered by this scheme.
    [pass] AGE_WITHIN_RANGE                 Age 47 is within the permitted range of 18-60.
    remediation:
      INCREASE_NUMERIC   This scheme starts at 140001. A project of your size is normally financed under the micro scheme.
      CHANGE_CATEGORICAL This scheme covers: PLACEHOLDER_manufacturing, PLACEHOLDER_transport, PLACEHOLDER_agri_allied, PLACEHOLDER_service_enterprise.

  ── EDU ─────────────────────────────────────────────────────────
  status: NOT_ELIGIBLE
    [pass] INCOME_WITHIN_CAP                Annual family income of 84000 is within the ceiling of 500000.
    [pass] CATEGORY_SC                      Recorded category is SC, which this scheme is reserved for.
    [pass] CASTE_CERT_AVAILABLE             Caste certificate is available.
    [pass] INCOME_PROOF_AVAILABLE           Income certificate is available.
    [?   ] ADMISSION_CONFIRMED              We have not been told whether admission is confirmed.
           missing: applicant.education.admission_confirmed
    [FAIL] COURSE_ELIGIBLE                  The course is not covered by this scheme.
    [pass] AGE_WITHIN_RANGE                 Age 47 is within the permitted range of 18-60.
    remediation:
      PROVIDE_DATA       We need applicant.education.admission_confirmed before we can decide.
      CHANGE_CATEGORICAL This scheme covers: PLACEHOLDER_professional_course_india, PLACEHOLDER_professional_course_abroad.

  ── AMY ─────────────────────────────────────────────────────────
  status: NOT_ELIGIBLE
    [pass] INCOME_WITHIN_CAP                Annual family income of 84000 is within the ceiling of 500000.
    [pass] CATEGORY_SC                      Recorded category is SC, which this scheme is reserved for.
    [pass] CASTE_CERT_AVAILABLE             Caste certificate is available.
    [pass] INCOME_PROOF_AVAILABLE           Income certificate is available.
    [pass] PROJECT_COST_WITHIN_UNIT_COST    Project cost of 8000 is within the ceiling of 140000.
    [FAIL] PURPOSE_ELIGIBLE                 The stated purpose is not covered by this scheme.
    [pass] AGE_WITHIN_RANGE                 Age 47 is within the permitted range of 18-60.
    remediation:
      CHANGE_CATEGORICAL This scheme covers: PLACEHOLDER_micro_business, PLACEHOLDER_small_trade.

  ── UNY ─────────────────────────────────────────────────────────
  status: NOT_ELIGIBLE
    [pass] INCOME_WITHIN_CAP                Annual family income of 84000 is within the ceiling of 500000.
    [pass] CATEGORY_SC                      Recorded category is SC, which this scheme is reserved for.
    [pass] CASTE_CERT_AVAILABLE             Caste certificate is available.
    [pass] INCOME_PROOF_AVAILABLE           Income certificate is available.
    [pass] PROJECT_COST_WITHIN_UNIT_COST    Project cost of 8000 is within the ceiling of 500000.
    [FAIL] PURPOSE_ELIGIBLE                 The stated purpose is not covered by this scheme.
    [pass] AGE_WITHIN_RANGE                 Age 47 is within the permitted range of 18-60.
    remediation:
      CHANGE_CATEGORICAL This scheme covers: PLACEHOLDER_micro_enterprise_5lakh, PLACEHOLDER_small_manufacturing_5lakh.

  recommended: MICRO"
`;

exports[`the persona CLI > prints a stable summary table for all 40 personas 1`] = `
"ID   Persona                                       MICRO TERM  EDU   Rec          Loan      EMI  Rate  Ptnr   Docs
──────────────────────────────────────────────────────────────────────────────────────────────────────────────────
P01  Tailoring unit, Pune — the happy path         YES   no    no    MICRO      90,000    3,034  6.5%     4    6/6
P02  Grocery kiosk, Nagpur — income exactly at the…YES   no    no    MICRO      81,000    2,731  6.5%     4    6/6
P03  Grocery kiosk, Nagpur — one rupee over the capno    no    no    —               —        —     —     —      —
P04  Mobile repair bench, Mumbai — project cost ex…YES   no    no    MICRO    1,25,000    4,214  6.5%     4    6/6
P05  Small dal mill, Solapur — project cost one ru…no    YES   no    TERM     1,26,001    2,161    8%     3    9/9
P06  Small dal mill, Solapur — sitting in the gap …no    no    no    —               —        —     —     —      —
P07  Vegetable cart, Lucknow — no caste certificat…no    no    no    —               —        —     —     —      —
P08  Vegetable cart, Lucknow — no income certifica…no    no    no    —               —        —     —     —      —
P09  First-time applicant, Gorakhpur — no paperwor…no    no    no    —               —        —     —     —      —
P10  Carpentry workshop, Nashik — OBC applicant    no    no    no    —               —        —     —     —      —
P11  Walk-in enquiry, Aurangabad — category not st…?     no    no    —               —        —     —     —      —
P12  School-leaver, Kolhapur — below the age floor no    no    no    —               —        —     —     —      —
P13  Retired weaver, Kalaburagi — above the age ce…no    no    no    —               —        —     —     —      —
P14  Phone enquiry, Mysuru — age not given         ?     no    no    —               —        —     —     —      —
P15  Bar licence enquiry, Pune — an excluded activ…no    no    no    —               —        —     —     —      —
P16  Undecided applicant, Indore — knows the budge…?     no    ?     —               —        —     —     —      —
P17  Tea stall plan, Varanasi — no costing yet     ?     no    no    —               —        —     —     —      —
P18  Daily-wage household, Madurai — income not qu…?     no    no    —               —        —     —     —      —
P19  Handcart top-up, Pune — a project too small f…YES   no    no    MICRO       7,200      243  6.5%     0    6/6
P20  Snack unit, Bhopal — eligible, but no micro l…YES   no    no    MICRO      85,500    2,883  6.5%     0    6/6
P21  Poultry shed, Raipur — a state the registry d…YES   no    no    MICRO    1,08,000    3,641  6.5%     0    6/6
P22  Xerox and stationery shop, Mumbai — four part…YES   no    no    MICRO    1,24,200    4,188  6.5%     4    6/6
P23  Weaving loom, Dharwad — Karnataka micro appli…YES   no    no    MICRO      54,000    1,821  6.5%     2    6/6
P24  Flower vending, Madurai — Tamil Nadu micro ap…YES   no    no    MICRO      40,500    1,365  6.5%     2    6/6
P25  Beauty parlour, Nagpur — asks for the shortes…YES   no    no    MICRO    1,12,500    3,793  6.5%     4    6/6
P26  Seasonal jaggery unit, Ahmednagar — asks for …YES   no    no    MICRO    1,17,000    3,945  6.5%     4    6/6
P27  Cycle repair shop, Coimbatore — wants no mora…YES   no    no    MICRO      67,500    2,276  6.5%     2    6/6
P28  Goods auto, Solapur — term loan in the lowest…no    YES   no    TERM     4,50,000    7,719    8%     4    9/9
P29  Dairy unit, Nashik — term loan in the middle …no    YES   no    TERM     5,40,000    9,263    8%     4    9/9
P30  Printing press, Chennai — term loan in the to…no    YES   no    TERM    22,50,000   38,596    8%     1    9/9
P31  Cold storage, Jaipur — a loan larger than any…no    YES   no    TERM    45,00,000   77,191    8%     0    9/9
P32  Marble polishing unit, Jaipur — served by an …no    YES   no    TERM     3,60,000    6,175    8%     2    9/9
P33  Tent house, Jodhpur — under the state agency'…no    YES   no    TERM     2,70,000    4,631    8%     1    8/9
P34  Rice hulling, Gorakhpur — regional rural bank…no    YES   no    TERM     6,30,000   10,807    8%     2    9/9
P35  Plastics factory, Bengaluru — above the schem…no    no    no    —               —        —     —     —      —
P36  Engineering degree in Bengaluru — education l…no    no    YES   EDU      7,20,000    7,214  6.5%     2    8/9
P37  Master's abroad — education loan, purpose-spe…no    no    YES   EDU     27,00,000   27,052  6.5%     1    8/9
P38  Awaiting counselling result, Nashik — admissi…no    no    no    —               —        —     —     —      —
P39  Exploring options, Lucknow — admission status…no    no    ?     —               —        —     —     —      —
P40  Nursing diploma, Bhopal — eligible, paperwork…no    no    YES   EDU      4,50,000    4,509  6.5%     1    5/9
──────────────────────────────────────────────────────────────────────────────────────────────────────────────────
40 personas
  23 with at least one eligible scheme
  0 eligible but no figures (missing scheme parameters)
  4 eligible with zero capable partners

Dataset: Scheme master + DEMO OVERLAY  figures_authoritative=false
  ! Some figures in this build come from a demo overlay so the calculator can run. They are placeholders with no official basis and must not be quoted.
  ! One or more figures in this build have not yet been verified against a published guideline.

Loan, EMI and rate columns are illustrative. They are computed correctly from
the parameters in play, and those parameters are placeholders. Do not quote them."
`;

exports[`the persona CLI > prints a stable table against the seed alone, with no overlay 1`] = `
"ID   Persona                                       MICRO TERM  EDU   Rec          Loan      EMI  Rate  Ptnr   Docs
──────────────────────────────────────────────────────────────────────────────────────────────────────────────────
P01  Tailoring unit, Pune — the happy path         ?     no    no    —               —        —     —     —      —
P02  Grocery kiosk, Nagpur — income exactly at the…?     no    no    —               —        —     —     —      —
P03  Grocery kiosk, Nagpur — one rupee over the capno    no    no    —               —        —     —     —      —
P04  Mobile repair bench, Mumbai — project cost ex…?     no    no    —               —        —     —     —      —
P05  Small dal mill, Solapur — project cost one ru…no    ?     no    —               —        —     —     —      —
P06  Small dal mill, Solapur — sitting in the gap …no    no    no    —               —        —     —     —      —
P07  Vegetable cart, Lucknow — no caste certificat…no    no    no    —               —        —     —     —      —
P08  Vegetable cart, Lucknow — no income certifica…no    no    no    —               —        —     —     —      —
P09  First-time applicant, Gorakhpur — no paperwor…no    no    no    —               —        —     —     —      —
P10  Carpentry workshop, Nashik — OBC applicant    no    no    no    —               —        —     —     —      —
P11  Walk-in enquiry, Aurangabad — category not st…?     no    no    —               —        —     —     —      —
P12  School-leaver, Kolhapur — below the age floor ?     no    no    —               —        —     —     —      —
P13  Retired weaver, Kalaburagi — above the age ce…?     no    no    —               —        —     —     —      —
P14  Phone enquiry, Mysuru — age not given         ?     no    no    —               —        —     —     —      —
P15  Bar licence enquiry, Pune — an excluded activ…no    no    no    —               —        —     —     —      —
P16  Undecided applicant, Indore — knows the budge…?     no    ?     —               —        —     —     —      —
P17  Tea stall plan, Varanasi — no costing yet     ?     no    no    —               —        —     —     —      —
P18  Daily-wage household, Madurai — income not qu…?     no    no    —               —        —     —     —      —
P19  Handcart top-up, Pune — a project too small f…?     no    no    —               —        —     —     —      —
P20  Snack unit, Bhopal — eligible, but no micro l…?     no    no    —               —        —     —     —      —
P21  Poultry shed, Raipur — a state the registry d…?     no    no    —               —        —     —     —      —
P22  Xerox and stationery shop, Mumbai — four part…?     no    no    —               —        —     —     —      —
P23  Weaving loom, Dharwad — Karnataka micro appli…?     no    no    —               —        —     —     —      —
P24  Flower vending, Madurai — Tamil Nadu micro ap…?     no    no    —               —        —     —     —      —
P25  Beauty parlour, Nagpur — asks for the shortes…?     no    no    —               —        —     —     —      —
P26  Seasonal jaggery unit, Ahmednagar — asks for …?     no    no    —               —        —     —     —      —
P27  Cycle repair shop, Coimbatore — wants no mora…?     no    no    —               —        —     —     —      —
P28  Goods auto, Solapur — term loan in the lowest…no    ?     no    —               —        —     —     —      —
P29  Dairy unit, Nashik — term loan in the middle …no    ?     no    —               —        —     —     —      —
P30  Printing press, Chennai — term loan in the to…no    ?     no    —               —        —     —     —      —
P31  Cold storage, Jaipur — a loan larger than any…no    ?     no    —               —        —     —     —      —
P32  Marble polishing unit, Jaipur — served by an …no    ?     no    —               —        —     —     —      —
P33  Tent house, Jodhpur — under the state agency'…no    ?     no    —               —        —     —     —      —
P34  Rice hulling, Gorakhpur — regional rural bank…no    ?     no    —               —        —     —     —      —
P35  Plastics factory, Bengaluru — above the schem…no    no    no    —               —        —     —     —      —
P36  Engineering degree in Bengaluru — education l…no    no    ?     —               —        —     —     —      —
P37  Master's abroad — education loan, purpose-spe…no    no    ?     —               —        —     —     —      —
P38  Awaiting counselling result, Nashik — admissi…no    no    no    —               —        —     —     —      —
P39  Exploring options, Lucknow — admission status…no    no    ?     —               —        —     —     —      —
P40  Nursing diploma, Bhopal — eligible, paperwork…no    no    ?     —               —        —     —     —      —
──────────────────────────────────────────────────────────────────────────────────────────────────────────────────
40 personas
  0 with at least one eligible scheme
  0 eligible but no figures (missing scheme parameters)
  0 eligible with zero capable partners

Dataset: Scheme master (seed only)  figures_authoritative=false
  ! One or more figures in this build have not yet been verified against a published guideline.

Loan, EMI and rate columns are illustrative. They are computed correctly from
the parameters in play, and those parameters are placeholders. Do not quote them."
`;
